Archive member included because of file (symbol)

/opt/local/lib/gcc/avr/4.0.2/avr4/libgcc.a(_udivmodsi4.o)
                              timer.o (__udivmodsi4)
/opt/local/lib/gcc/avr/4.0.2/avr4/libgcc.a(_exit.o)
                              /opt/local/lib/gcc/avr/4.0.2/../../../../avr/lib/avr4/crtm8.o (exit)
/opt/local/lib/gcc/avr/4.0.2/avr4/libgcc.a(_copy_data.o)
                              main.o (__do_copy_data)
/opt/local/lib/gcc/avr/4.0.2/avr4/libgcc.a(_clear_bss.o)
                              main.o (__do_clear_bss)
/opt/local/lib/gcc/avr/4.0.2/../../../../avr/lib/avr4/libc.a(toupper.o)
                              util.o (toupper)

Allocating common symbols
Common symbol       size              file

timer0_overflow_count
                    0x4               timer.o

Memory Configuration

Name             Origin             Length             Attributes
text             0x0000000000000000 0x0000000000002000 xr
data             0x0000000000800060 0x000000000000ffa0 rw !x
eeprom           0x0000000000810000 0x0000000000010000 rw !x
*default*        0x0000000000000000 0xffffffffffffffff

Linker script and memory map

LOAD /opt/local/lib/gcc/avr/4.0.2/../../../../avr/lib/avr4/crtm8.o
LOAD main.o
LOAD uart.o
LOAD timer.o
LOAD util.o
LOAD /opt/local/lib/gcc/avr/4.0.2/../../../../avr/lib/avr4/libm.a
LOAD /opt/local/lib/gcc/avr/4.0.2/avr4/libgcc.a
LOAD /opt/local/lib/gcc/avr/4.0.2/../../../../avr/lib/avr4/libc.a
LOAD /opt/local/lib/gcc/avr/4.0.2/avr4/libgcc.a

.hash
 *(.hash)

.dynsym
 *(.dynsym)

.dynstr
 *(.dynstr)

.gnu.version
 *(.gnu.version)

.gnu.version_d
 *(.gnu.version_d)

.gnu.version_r
 *(.gnu.version_r)

.rel.init
 *(.rel.init)

.rela.init
 *(.rela.init)

.rel.text
 *(.rel.text)
 *(.rel.text.*)
 *(.rel.gnu.linkonce.t*)

.rela.text
 *(.rela.text)
 *(.rela.text.*)
 *(.rela.gnu.linkonce.t*)

.rel.fini
 *(.rel.fini)

.rela.fini
 *(.rela.fini)

.rel.rodata
 *(.rel.rodata)
 *(.rel.rodata.*)
 *(.rel.gnu.linkonce.r*)

.rela.rodata
 *(.rela.rodata)
 *(.rela.rodata.*)
 *(.rela.gnu.linkonce.r*)

.rel.data
 *(.rel.data)
 *(.rel.data.*)
 *(.rel.gnu.linkonce.d*)

.rela.data
 *(.rela.data)
 *(.rela.data.*)
 *(.rela.gnu.linkonce.d*)

.rel.ctors
 *(.rel.ctors)

.rela.ctors
 *(.rela.ctors)

.rel.dtors
 *(.rel.dtors)

.rela.dtors
 *(.rela.dtors)

.rel.got
 *(.rel.got)

.rela.got
 *(.rela.got)

.rel.bss
 *(.rel.bss)

.rela.bss
 *(.rela.bss)

.rel.plt
 *(.rel.plt)

.rela.plt
 *(.rela.plt)

.text           0x0000000000000000      0x412
 *(.vectors)
 .vectors       0x0000000000000000       0x26 /opt/local/lib/gcc/avr/4.0.2/../../../../avr/lib/avr4/crtm8.o
                0x0000000000000000                __vectors
                0x0000000000000000                __vector_default
 *(.vectors)
 *(.progmem.gcc*)
 *(.progmem*)
                0x0000000000000026                . = ALIGN (0x2)
                0x0000000000000026                __trampolines_start = .
 *(.trampolines)
 .trampolines   0x0000000000000026        0x0 linker stubs
 *(.trampolines*)
                0x0000000000000026                __trampolines_end = .
 *(.jumptables)
 *(.jumptables*)
 *(.lowtext)
 *(.lowtext*)
                0x0000000000000026                __ctors_start = .
 *(.ctors)
                0x0000000000000026                __ctors_end = .
                0x0000000000000026                __dtors_start = .
 *(.dtors)
                0x0000000000000026                __dtors_end = .
 SORT(*)(.ctors)
 SORT(*)(.dtors)
 *(.init0)
 .init0         0x0000000000000026        0x0 /opt/local/lib/gcc/avr/4.0.2/../../../../avr/lib/avr4/crtm8.o
                0x0000000000000026                __init
 *(.init0)
 *(.init1)
 *(.init1)
 *(.init2)
 .init2         0x0000000000000026        0xc /opt/local/lib/gcc/avr/4.0.2/../../../../avr/lib/avr4/crtm8.o
 *(.init2)
 *(.init3)
 *(.init3)
 *(.init4)
 .init4         0x0000000000000032       0x16 /opt/local/lib/gcc/avr/4.0.2/avr4/libgcc.a(_copy_data.o)
                0x0000000000000032                __do_copy_data
 .init4         0x0000000000000048       0x10 /opt/local/lib/gcc/avr/4.0.2/avr4/libgcc.a(_clear_bss.o)
                0x0000000000000048                __do_clear_bss
 *(.init4)
 *(.init5)
 *(.init5)
 *(.init6)
 *(.init6)
 *(.init7)
 *(.init7)
 *(.init8)
 *(.init8)
 *(.init9)
 .init9         0x0000000000000058        0x4 /opt/local/lib/gcc/avr/4.0.2/../../../../avr/lib/avr4/crtm8.o
 *(.init9)
 *(.text)
 .text          0x000000000000005c        0x2 /opt/local/lib/gcc/avr/4.0.2/../../../../avr/lib/avr4/crtm8.o
                0x000000000000005c                __vector_18
                0x000000000000005c                __bad_interrupt
                0x000000000000005c                __vector_6
                0x000000000000005c                __vector_3
                0x000000000000005c                __vector_13
                0x000000000000005c                __vector_17
                0x000000000000005c                __vector_7
                0x000000000000005c                __vector_5
                0x000000000000005c                __vector_4
                0x000000000000005c                __vector_2
                0x000000000000005c                __vector_15
                0x000000000000005c                __vector_8
                0x000000000000005c                __vector_14
                0x000000000000005c                __vector_10
                0x000000000000005c                __vector_16
                0x000000000000005c                __vector_1
 .text          0x000000000000005e       0xf2 main.o
                0x000000000000005e                main
 .text          0x0000000000000150      0x120 uart.o
                0x0000000000000150                uart_send_c
                0x0000000000000154                __vector_11
                0x00000000000001a6                __vector_12
                0x00000000000001f0                uart_putc
                0x0000000000000214                uart_send_s
                0x000000000000022c                uart_init_own
                0x000000000000023a                uart_getc
 .text          0x0000000000000270       0xf8 timer.o
                0x0000000000000270                __vector_9
                0x00000000000002ba                millis
                0x00000000000002e8                delay
                0x0000000000000328                delayMicros
                0x0000000000000356                TimerInit
 .text          0x0000000000000368       0x54 util.o
                0x000000000000038e                decodeHex
 .text          0x00000000000003bc        0x0 /opt/local/lib/gcc/avr/4.0.2/avr4/libgcc.a(_udivmodsi4.o)
 .text          0x00000000000003bc        0x0 /opt/local/lib/gcc/avr/4.0.2/avr4/libgcc.a(_exit.o)
 .text          0x00000000000003bc        0x0 /opt/local/lib/gcc/avr/4.0.2/avr4/libgcc.a(_copy_data.o)
 .text          0x00000000000003bc        0x0 /opt/local/lib/gcc/avr/4.0.2/avr4/libgcc.a(_clear_bss.o)
 .text          0x00000000000003bc        0x0 /opt/local/lib/gcc/avr/4.0.2/../../../../avr/lib/avr4/libc.a(toupper.o)
                0x00000000000003bc                . = ALIGN (0x2)
 *(.text.*)
 .text.libgcc   0x00000000000003bc       0x44 /opt/local/lib/gcc/avr/4.0.2/avr4/libgcc.a(_udivmodsi4.o)
                0x00000000000003bc                __udivmodsi4
 .text.libgcc   0x0000000000000400        0x0 /opt/local/lib/gcc/avr/4.0.2/avr4/libgcc.a(_exit.o)
 .text.libgcc   0x0000000000000400        0x0 /opt/local/lib/gcc/avr/4.0.2/avr4/libgcc.a(_copy_data.o)
 .text.libgcc   0x0000000000000400        0x0 /opt/local/lib/gcc/avr/4.0.2/avr4/libgcc.a(_clear_bss.o)
 .text.avr-libc
                0x0000000000000400       0x10 /opt/local/lib/gcc/avr/4.0.2/../../../../avr/lib/avr4/libc.a(toupper.o)
                0x0000000000000400                toupper
                0x0000000000000410                . = ALIGN (0x2)
 *(.fini9)
 .fini9         0x0000000000000410        0x0 /opt/local/lib/gcc/avr/4.0.2/avr4/libgcc.a(_exit.o)
                0x0000000000000410                exit
                0x0000000000000410                _exit
 *(.fini9)
 *(.fini8)
 *(.fini8)
 *(.fini7)
 *(.fini7)
 *(.fini6)
 *(.fini6)
 *(.fini5)
 *(.fini5)
 *(.fini4)
 *(.fini4)
 *(.fini3)
 *(.fini3)
 *(.fini2)
 *(.fini2)
 *(.fini1)
 *(.fini1)
 *(.fini0)
 .fini0         0x0000000000000410        0x2 /opt/local/lib/gcc/avr/4.0.2/avr4/libgcc.a(_exit.o)
 *(.fini0)
                0x0000000000000412                _etext = .

.data           0x0000000000800060        0xe load address 0x0000000000000412
                0x0000000000800060                PROVIDE (__data_start, .)
 *(.data)
 .data          0x0000000000800060        0x0 /opt/local/lib/gcc/avr/4.0.2/../../../../avr/lib/avr4/crtm8.o
 .data          0x0000000000800060        0xd main.o
 .data          0x000000000080006d        0x0 uart.o
 .data          0x000000000080006d        0x0 timer.o
 .data          0x000000000080006d        0x0 util.o
 .data          0x000000000080006d        0x0 /opt/local/lib/gcc/avr/4.0.2/avr4/libgcc.a(_udivmodsi4.o)
 .data          0x000000000080006d        0x0 /opt/local/lib/gcc/avr/4.0.2/avr4/libgcc.a(_exit.o)
 .data          0x000000000080006d        0x0 /opt/local/lib/gcc/avr/4.0.2/avr4/libgcc.a(_copy_data.o)
 .data          0x000000000080006d        0x0 /opt/local/lib/gcc/avr/4.0.2/avr4/libgcc.a(_clear_bss.o)
 .data          0x000000000080006d        0x0 /opt/local/lib/gcc/avr/4.0.2/../../../../avr/lib/avr4/libc.a(toupper.o)
 *(.data*)
 *(.rodata)
 *(.rodata*)
 *(.gnu.linkonce.d*)
                0x000000000080006e                . = ALIGN (0x2)
 *fill*         0x000000000080006d        0x1 00
                0x000000000080006e                _edata = .
                0x000000000080006e                PROVIDE (__data_end, .)

.bss            0x000000000080006e       0x55
                0x000000000080006e                PROVIDE (__bss_start, .)
 *(.bss)
 .bss           0x000000000080006e        0x0 /opt/local/lib/gcc/avr/4.0.2/../../../../avr/lib/avr4/crtm8.o
 .bss           0x000000000080006e        0xc main.o
 .bss           0x000000000080007a       0x45 uart.o
 .bss           0x00000000008000bf        0x0 timer.o
 .bss           0x00000000008000bf        0x0 util.o
 .bss           0x00000000008000bf        0x0 /opt/local/lib/gcc/avr/4.0.2/avr4/libgcc.a(_udivmodsi4.o)
 .bss           0x00000000008000bf        0x0 /opt/local/lib/gcc/avr/4.0.2/avr4/libgcc.a(_exit.o)
 .bss           0x00000000008000bf        0x0 /opt/local/lib/gcc/avr/4.0.2/avr4/libgcc.a(_copy_data.o)
 .bss           0x00000000008000bf        0x0 /opt/local/lib/gcc/avr/4.0.2/avr4/libgcc.a(_clear_bss.o)
 .bss           0x00000000008000bf        0x0 /opt/local/lib/gcc/avr/4.0.2/../../../../avr/lib/avr4/libc.a(toupper.o)
 *(.bss*)
 *(COMMON)
 COMMON         0x00000000008000bf        0x4 timer.o
                0x00000000008000bf                timer0_overflow_count
                0x00000000008000c3                PROVIDE (__bss_end, .)
                0x0000000000000412                __data_load_start = LOADADDR (.data)
                0x0000000000000420                __data_load_end = (__data_load_start + SIZEOF (.data))

.noinit         0x00000000008000c3        0x0
                0x00000000008000c3                PROVIDE (__noinit_start, .)
 *(.noinit*)
                0x00000000008000c3                PROVIDE (__noinit_end, .)
                0x00000000008000c3                _end = .
                0x00000000008000c3                PROVIDE (__heap_start, .)

.eeprom         0x0000000000810000        0x0
 *(.eeprom*)
                0x0000000000810000                __eeprom_end = .

.stab           0x0000000000000000     0x18cc
 *(.stab)
 .stab          0x0000000000000000      0x6cc /opt/local/lib/gcc/avr/4.0.2/../../../../avr/lib/avr4/crtm8.o
 .stab          0x00000000000006cc      0x594 main.o
                                        0x5a0 (size before relaxing)
 .stab          0x0000000000000c60      0x63c uart.o
                                        0x7f8 (size before relaxing)
 .stab          0x000000000000129c      0x384 timer.o
                                        0x5e8 (size before relaxing)
 .stab          0x0000000000001620      0x210 util.o
                                        0x234 (size before relaxing)
 .stab          0x0000000000001830       0x9c /opt/local/lib/gcc/avr/4.0.2/../../../../avr/lib/avr4/libc.a(toupper.o)
                                         0xa8 (size before relaxing)

.stabstr        0x0000000000000000      0xe80
 *(.stabstr)
 .stabstr       0x0000000000000000      0xe80 /opt/local/lib/gcc/avr/4.0.2/../../../../avr/lib/avr4/crtm8.o

.stab.excl
 *(.stab.excl)

.stab.exclstr
 *(.stab.exclstr)

.stab.index
 *(.stab.index)

.stab.indexstr
 *(.stab.indexstr)

.comment
 *(.comment)

.debug
 *(.debug)

.line
 *(.line)

.debug_srcinfo
 *(.debug_srcinfo)

.debug_sfnames
 *(.debug_sfnames)

.debug_aranges
 *(.debug_aranges)

.debug_pubnames
 *(.debug_pubnames)

.debug_info
 *(.debug_info)
 *(.gnu.linkonce.wi.*)

.debug_abbrev
 *(.debug_abbrev)

.debug_line
 *(.debug_line)

.debug_frame
 *(.debug_frame)

.debug_str
 *(.debug_str)

.debug_loc
 *(.debug_loc)

.debug_macinfo
 *(.debug_macinfo)
OUTPUT(main.elf elf32-avr)
LOAD linker stubs

Cross Reference Table

Symbol                                            File
TimerInit                                         timer.o
__bad_interrupt                                   /opt/local/lib/gcc/avr/4.0.2/../../../../avr/lib/avr4/crtm8.o
__bss_end                                         /opt/local/lib/gcc/avr/4.0.2/avr4/libgcc.a(_clear_bss.o)
__bss_start                                       /opt/local/lib/gcc/avr/4.0.2/avr4/libgcc.a(_clear_bss.o)
__data_end                                        /opt/local/lib/gcc/avr/4.0.2/avr4/libgcc.a(_copy_data.o)
__data_load_start                                 /opt/local/lib/gcc/avr/4.0.2/avr4/libgcc.a(_copy_data.o)
__data_start                                      /opt/local/lib/gcc/avr/4.0.2/avr4/libgcc.a(_copy_data.o)
__do_clear_bss                                    /opt/local/lib/gcc/avr/4.0.2/avr4/libgcc.a(_clear_bss.o)
                                                  util.o
                                                  timer.o
                                                  uart.o
                                                  main.o
__do_copy_data                                    /opt/local/lib/gcc/avr/4.0.2/avr4/libgcc.a(_copy_data.o)
                                                  util.o
                                                  timer.o
                                                  uart.o
                                                  main.o
__heap_end                                        /opt/local/lib/gcc/avr/4.0.2/../../../../avr/lib/avr4/crtm8.o
__init                                            /opt/local/lib/gcc/avr/4.0.2/../../../../avr/lib/avr4/crtm8.o
__stack                                           /opt/local/lib/gcc/avr/4.0.2/../../../../avr/lib/avr4/crtm8.o
                                                  main.o
__udivmodsi4                                      /opt/local/lib/gcc/avr/4.0.2/avr4/libgcc.a(_udivmodsi4.o)
                                                  timer.o
__vector_1                                        /opt/local/lib/gcc/avr/4.0.2/../../../../avr/lib/avr4/crtm8.o
__vector_10                                       /opt/local/lib/gcc/avr/4.0.2/../../../../avr/lib/avr4/crtm8.o
__vector_11                                       uart.o
                                                  /opt/local/lib/gcc/avr/4.0.2/../../../../avr/lib/avr4/crtm8.o
__vector_12                                       uart.o
                                                  /opt/local/lib/gcc/avr/4.0.2/../../../../avr/lib/avr4/crtm8.o
__vector_13                                       /opt/local/lib/gcc/avr/4.0.2/../../../../avr/lib/avr4/crtm8.o
__vector_14                                       /opt/local/lib/gcc/avr/4.0.2/../../../../avr/lib/avr4/crtm8.o
__vector_15                                       /opt/local/lib/gcc/avr/4.0.2/../../../../avr/lib/avr4/crtm8.o
__vector_16                                       /opt/local/lib/gcc/avr/4.0.2/../../../../avr/lib/avr4/crtm8.o
__vector_17                                       /opt/local/lib/gcc/avr/4.0.2/../../../../avr/lib/avr4/crtm8.o
__vector_18                                       /opt/local/lib/gcc/avr/4.0.2/../../../../avr/lib/avr4/crtm8.o
__vector_2                                        /opt/local/lib/gcc/avr/4.0.2/../../../../avr/lib/avr4/crtm8.o
__vector_3                                        /opt/local/lib/gcc/avr/4.0.2/../../../../avr/lib/avr4/crtm8.o
__vector_4                                        /opt/local/lib/gcc/avr/4.0.2/../../../../avr/lib/avr4/crtm8.o
__vector_5                                        /opt/local/lib/gcc/avr/4.0.2/../../../../avr/lib/avr4/crtm8.o
__vector_6                                        /opt/local/lib/gcc/avr/4.0.2/../../../../avr/lib/avr4/crtm8.o
__vector_7                                        /opt/local/lib/gcc/avr/4.0.2/../../../../avr/lib/avr4/crtm8.o
__vector_8                                        /opt/local/lib/gcc/avr/4.0.2/../../../../avr/lib/avr4/crtm8.o
__vector_9                                        timer.o
                                                  /opt/local/lib/gcc/avr/4.0.2/../../../../avr/lib/avr4/crtm8.o
__vector_default                                  /opt/local/lib/gcc/avr/4.0.2/../../../../avr/lib/avr4/crtm8.o
__vectors                                         /opt/local/lib/gcc/avr/4.0.2/../../../../avr/lib/avr4/crtm8.o
_exit                                             /opt/local/lib/gcc/avr/4.0.2/avr4/libgcc.a(_exit.o)
decodeHex                                         util.o
                                                  main.o
delay                                             timer.o
delayMicros                                       timer.o
exit                                              /opt/local/lib/gcc/avr/4.0.2/avr4/libgcc.a(_exit.o)
                                                  /opt/local/lib/gcc/avr/4.0.2/../../../../avr/lib/avr4/crtm8.o
main                                              main.o
                                                  /opt/local/lib/gcc/avr/4.0.2/../../../../avr/lib/avr4/crtm8.o
millis                                            timer.o
timer0_overflow_count                             timer.o
toupper                                           /opt/local/lib/gcc/avr/4.0.2/../../../../avr/lib/avr4/libc.a(toupper.o)
                                                  util.o
uart_getc                                         uart.o
                                                  main.o
uart_init_own                                     uart.o
                                                  main.o
uart_putc                                         uart.o
uart_send_c                                       uart.o
uart_send_s                                       uart.o
                                                  main.o
